
> @roua/web@0.2.0 build
> next build --webpack

⚠ Warning: Next.js inferred your workspace root, but it may not be correct.
 We detected multiple lockfiles and selected the directory of /home/z/my-project/bun.lock as the root directory.
 To silence this warning, set `outputFileTracingRoot` in your Next.js config, or consider removing one of the lockfiles if it's not needed.
   See https://nextjs.org/docs/app/api-reference/config/next-config-js/output#caveats for more information.
 Detected additional lockfiles: 
   * /home/z/my-project/roua-trading/package-lock.json

▲ Next.js 16.2.4 (webpack)
- Experiments (use with caution):
  · optimizePackageImports

  Creating an optimized production build ...
✓ Compiled successfully in 35.9s
  Skipping validation of types
  Finished TypeScript config validation in 6ms ...
  Collecting page data using 3 workers ...
⚠ Using edge runtime on a page currently disables static generation for that page
  Generating static pages using 3 workers (0/139) ...
  Generating static pages using 3 workers (34/139) 
  Generating static pages using 3 workers (69/139) 
  Generating static pages using 3 workers (104/139) 
✓ Generating static pages using 3 workers (139/139) in 1076ms
  Finalizing page optimization ...
  Collecting build traces ...

Route (app)                                 Revalidate  Expire
┌ ○ /
├ ○ /_not-found
├ ƒ /api
├ ƒ /api/admin/activity
├ ƒ /api/admin/ai-usage/stats
├ ƒ /api/admin/auth/login
├ ƒ /api/admin/auth/logout
├ ƒ /api/admin/auth/session
├ ƒ /api/admin/db-migrate
├ ƒ /api/admin/health
├ ƒ /api/admin/migrate
├ ƒ /api/admin/monitor/control
├ ƒ /api/admin/monitor/settings
├ ƒ /api/admin/monitor/status
├ ƒ /api/admin/notifications/config
├ ƒ /api/admin/notifications/test-telegram
├ ƒ /api/admin/settings
├ ƒ /api/admin/signals/stats
├ ƒ /api/admin/stats
├ ƒ /api/admin/subscriptions/stats
├ ƒ /api/admin/system-logs
├ ƒ /api/admin/trading/stats
├ ƒ /api/admin/users
├ ƒ /api/agent/content/[...path]
├ ƒ /api/agent/trader/[...path]
├ ƒ /api/ai/[...path]
├ ƒ /api/ai/backtest
├ ƒ /api/ai/chart-analysis
├ ƒ /api/ai/chat
├ ƒ /api/ai/consensus
├ ƒ /api/ai/keep-alive
├ ƒ /api/ai/narrator
├ ƒ /api/ai/status
├ ƒ /api/alpaca/account
├ ƒ /api/alpaca/orders
├ ƒ /api/alpaca/positions
├ ƒ /api/alpaca/positions/[symbol]
├ ƒ /api/analytics/[...path]
├ ƒ /api/auth/callback/google
├ ƒ /api/auth/guest
├ ƒ /api/auth/me
├ ƒ /api/auth/otp/send
├ ƒ /api/auth/otp/verify
├ ƒ /api/auth/passkey/verify
├ ƒ /api/auth/refresh
├ ƒ /api/auth/sessions
├ ƒ /api/auth/signin/google
├ ƒ /api/auth/sync
├ ƒ /api/backtest
├ ƒ /api/bot/settings
├ ƒ /api/calendar
├ ƒ /api/chart-preference
├ ƒ /api/coach/ask
├ ƒ /api/coach/history
├ ƒ /api/coach/performance
├ ƒ /api/correlation
├ ƒ /api/debug/ai-test
├ ƒ /api/debug/db-schema
├ ƒ /api/debug/db-test
├ ƒ /api/debug/nestjs-connectivity
├ ƒ /api/deploy-version
├ ƒ /api/engine/[...path]
├ ƒ /api/exchange/adapters
├ ƒ /api/exchange/diagnostics
├ ƒ /api/exchange/history/[...symbol]
├ ƒ /api/exchange/quote/[...symbol]
├ ƒ /api/health
├ ƒ /api/market-scan
├ ƒ /api/marketplace
├ ƒ /api/neural/apply-recommendation
├ ƒ /api/neural/backtest
├ ƒ /api/neural/compare
├ ƒ /api/neural/export
├ ƒ /api/neural/models
├ ƒ /api/neural/optimize
├ ƒ /api/neural/predict
├ ƒ /api/neural/swarm
├ ƒ /api/neural/swarm/[id]
├ ƒ /api/neural/swarm/[id]/stop
├ ƒ /api/neural/swarm/start
├ ƒ /api/neural/train
├ ƒ /api/news/analyze
├ ○ /api/news/feed                                  5m      1y
├ ƒ /api/news/fetch
├ ƒ /api/news/latest
├ ƒ /api/news/reports
├ ƒ /api/notifications/events
├ ƒ /api/notifications/push
├ ƒ /api/notifications/send
├ ƒ /api/portfolio/[...path]
├ ƒ /api/portfolio/summary
├ ƒ /api/prediction-market/[...path]
├ ƒ /api/scanner/analysis/[symbol]
├ ƒ /api/scanner/deep
├ ƒ /api/scanner/feed
├ ƒ /api/scanner/heatmap
├ ƒ /api/scanner/multi-tf/[symbol]
├ ƒ /api/scanner/overview
├ ƒ /api/scanner/scan
├ ƒ /api/settings
├ ƒ /api/signals/[...path]
├ ƒ /api/signals/[id]
├ ƒ /api/signals/active
├ ƒ /api/signals/generate/[pair]
├ ƒ /api/signals/smart
├ ƒ /api/smart-executor/[...path]
├ ƒ /api/strategic-council/[...path]
├ ƒ /api/strategies
├ ƒ /api/trading/[...path]
├ ƒ /api/trading/account
├ ƒ /api/trading/paper/sync
├ ƒ /api/trading/positions/summary
├ ○ /auth/login
├ ○ /dashboard
├ ○ /dashboard/admin
├ ○ /dashboard/admin/ai-costs
├ ○ /dashboard/admin/health
├ ○ /dashboard/admin/login
├ ○ /dashboard/admin/logs
├ ○ /dashboard/admin/monitor
├ ○ /dashboard/admin/notifications
├ ○ /dashboard/admin/settings
├ ○ /dashboard/admin/signals
├ ○ /dashboard/admin/subscriptions
├ ○ /dashboard/admin/system-logs
├ ○ /dashboard/admin/technical-analysis
├ ○ /dashboard/admin/trading
├ ○ /dashboard/admin/users
├ ○ /dashboard/ai
├ ○ /dashboard/api-docs
├ ○ /dashboard/autonomous-trader
├ ○ /dashboard/billing
├ ○ /dashboard/calendar
├ ○ /dashboard/content-agent
├ ○ /dashboard/copy-trading
├ ○ /dashboard/correlation
├ ○ /dashboard/help
├ ○ /dashboard/kyc
├ ○ /dashboard/leaderboard
├ ○ /dashboard/neural
├ ○ /dashboard/news
├ ƒ /dashboard/news/[slug]
├ ○ /dashboard/notifications
├ ○ /dashboard/portfolio
├ ○ /dashboard/portfolio/malaath
├ ○ /dashboard/positions
├ ○ /dashboard/prediction-market
├ ○ /dashboard/profile
├ ○ /dashboard/sanctuary
├ ○ /dashboard/scanner
├ ○ /dashboard/security/2fa
├ ○ /dashboard/settings
├ ƒ /dashboard/settings/[slug]
├ ○ /dashboard/settings/exchange
├ ○ /dashboard/signals
├ ○ /dashboard/social
├ ○ /dashboard/strategies
├ ○ /dashboard/strategies/backtest
├ ○ /dashboard/strategies/builder
├ ○ /dashboard/strategy-builder
├ ○ /dashboard/trading
├ ƒ /icon
├ ○ /landing
├ ○ /login
├ ○ /mobile
├ ○ /mobile/agent
├ ○ /mobile/ai
├ ○ /mobile/api-docs
├ ○ /mobile/billing
├ ○ /mobile/bot
├ ○ /mobile/calendar
├ ○ /mobile/chart
├ ○ /mobile/copy-trading
├ ○ /mobile/correlation
├ ○ /mobile/help
├ ○ /mobile/kyc
├ ○ /mobile/leaderboard
├ ○ /mobile/marketplace
├ ○ /mobile/markets
├ ○ /mobile/more
├ ○ /mobile/neural
├ ○ /mobile/news
├ ○ /mobile/notifications
├ ○ /mobile/portfolio
├ ○ /mobile/positions
├ ○ /mobile/prediction-market
├ ○ /mobile/profile
├ ○ /mobile/sanctuary
├ ○ /mobile/scanner
├ ○ /mobile/security
├ ○ /mobile/settings
├ ○ /mobile/settings/exchange
├ ○ /mobile/signals
├ ○ /mobile/social
├ ○ /mobile/strategies
├ ○ /mobile/strategies/backtest
├ ○ /mobile/strategy-builder
├ ○ /mobile/trading
├ ○ /mobile/wallet
└ ○ /sitemap.xml


ƒ Proxy (Middleware)

○  (Static)   prerendered as static content
ƒ  (Dynamic)  server-rendered on demand

